<?xml version="1.0" encoding="utf-8"?><testsuites><testsuite name="pytest" errors="0" failures="0" skipped="0" tests="6" time="10.084" timestamp="2022-06-07T16:26:49.979430" hostname="DESKTOP-4FAVMBL"><testcase classname="tests.test_crawler" name="test_google_search" time="0.737" /><testcase classname="tests.test_crawler" name="test_get_source" time="1.111" /><testcase classname="tests.test_crawler" name="test_html_parser" time="0.279" /><testcase classname="tests.test_crawler" name="test_scrape_google" time="0.682" /><testcase classname="tests.test_crawler" name="test_html_getText" time="0.231" /><testcase classname="tests.test_crawler" name="test_str_contain_chinese" time="0.001" /></testsuite></testsuites>